// Jest Snapshot v1, https://goo.gl/fbAQLP

exports[`can render PlanTable snapshot 1`] = `
<div
  class="makeStyles-root-1"
>
  <div
    class="makeStyles-container-2"
  >
    <div
      class="makeStyles-paper-3"
    >
      <div
        class="makeStyles-dialogHeader-5"
      >
        <div
          class="makeStyles-grow-4"
        />
        <h5
          class="MuiTypography-root MuiTypography-h5"
        >
          Choose a Project Plan
        </h5>
        <div
          class="makeStyles-grow-4"
        />
        <button
          aria-label="Add"
          class="MuiButtonBase-root MuiFab-root makeStyles-button-9 MuiFab-primary"
          data-testid="addButton"
          tabindex="0"
          type="button"
        >
          <span
            class="MuiFab-label"
          >
            <svg
              aria-hidden="true"
              class="MuiSvgIcon-root makeStyles-icon-10"
              focusable="false"
              role="presentation"
              viewBox="0 0 24 24"
            >
              <path
                d="M19 13h-6v6h-2v-6H5v-2h6V5h2v6h6v2z"
              />
              <path
                d="M0 0h24v24H0z"
                fill="none"
              />
            </svg>
          </span>
          <span
            class="MuiTouchRipple-root"
          />
        </button>
      </div>
      <div
        class="RootBase-root-63"
      >
        <div
          class="MuiToolbar-root MuiToolbar-regular Toolbar-toolbar-64 MuiToolbar-gutters"
        >
          <div
            style="flex: 0 0 0px; margin-left: auto;"
          />
        </div>
        <div
          class="TableContainer-root-69"
        >
          <table
            class="MuiTable-root Table-table-70"
            style="min-width: 650px;"
          >
            <colgroup>
              <col
                style="width: 300px;"
              />
              <col
                style="width: 100px;"
              />
              <col
                style="width: 100px;"
              />
              <col
                style="width: 150px;"
              />
              <col />
            </colgroup>
            <thead
              class="MuiTableHead-root"
            >
              <tr
                class="MuiTableRow-root MuiTableRow-head"
              >
                <th
                  class="MuiTableCell-root TableHeaderCell-cell-82 TableHeaderCell-cellNoWrap-92 MuiTableCell-head"
                  colspan="1"
                  scope="col"
                >
                  <div
                    class="TableHeaderCell-container-91"
                  >
                    <div
                      class="Content-content-104"
                    >
                      <div
                        class="SortLabel-root-107"
                      >
                        <span
                          aria-disabled="false"
                          class="MuiButtonBase-root MuiTableSortLabel-root SortLabel-sortLabelRoot-109 MuiTableSortLabel-active SortLabel-sortLabelActive-111"
                          role="button"
                          tabindex="0"
                          title="Sort"
                        >
                          <span
                            class="Title-title-125"
                          >
                            Name
                          </span>
                          <svg
                            aria-hidden="true"
                            class="MuiSvgIcon-root MuiTableSortLabel-icon MuiTableSortLabel-iconDirectionAsc"
                            focusable="false"
                            role="presentation"
                            viewBox="0 0 24 24"
                          >
                            <path
                              d="M20 12l-1.41-1.41L13 16.17V4h-2v12.17l-5.58-5.59L4 12l8 8 8-8z"
                            />
                          </svg>
                        </span>
                      </div>
                    </div>
                  </div>
                  <div
                    class="ResizingControl-resizeHandle-126 TableHeaderCell-resizeHandle-83"
                  >
                    <div
                      class="TableHeaderCell-resizeHandleLine-84 ResizingControl-resizeHandleLine-127 ResizingControl-resizeHandleFirstLine-128"
                    />
                    <div
                      class="TableHeaderCell-resizeHandleLine-84 ResizingControl-resizeHandleLine-127 ResizingControl-resizeHandleSecondLine-129"
                    />
                  </div>
                </th>
                <th
                  class="MuiTableCell-root TableHeaderCell-cell-82 TableHeaderCell-cellNoWrap-92 MuiTableCell-head"
                  colspan="1"
                  scope="col"
                >
                  <div
                    class="TableHeaderCell-container-91"
                  >
                    <div
                      class="Content-content-104"
                    >
                      <div
                        class="SortLabel-root-107"
                      >
                        <span
                          aria-disabled="false"
                          class="MuiButtonBase-root MuiTableSortLabel-root SortLabel-sortLabelRoot-109"
                          role="button"
                          tabindex="0"
                          title="Sort"
                        >
                          <span
                            class="Title-title-125"
                          >
                            Type
                          </span>
                          <svg
                            aria-hidden="true"
                            class="MuiSvgIcon-root MuiTableSortLabel-icon MuiTableSortLabel-iconDirectionDesc"
                            focusable="false"
                            role="presentation"
                            viewBox="0 0 24 24"
                          >
                            <path
                              d="M20 12l-1.41-1.41L13 16.17V4h-2v12.17l-5.58-5.59L4 12l8 8 8-8z"
                            />
                          </svg>
                        </span>
                      </div>
                    </div>
                  </div>
                  <div
                    class="ResizingControl-resizeHandle-126 TableHeaderCell-resizeHandle-83"
                  >
                    <div
                      class="TableHeaderCell-resizeHandleLine-84 ResizingControl-resizeHandleLine-127 ResizingControl-resizeHandleFirstLine-128"
                    />
                    <div
                      class="TableHeaderCell-resizeHandleLine-84 ResizingControl-resizeHandleLine-127 ResizingControl-resizeHandleSecondLine-129"
                    />
                  </div>
                </th>
                <th
                  class="MuiTableCell-root TableHeaderCell-cell-82 TableHeaderCell-cellNoWrap-92 MuiTableCell-head"
                  colspan="1"
                  scope="col"
                >
                  <div
                    class="TableHeaderCell-container-91"
                  >
                    <div
                      class="Content-content-104"
                    >
                      <div
                        class="SortLabel-root-107"
                      >
                        <span
                          aria-disabled="false"
                          class="MuiButtonBase-root MuiTableSortLabel-root SortLabel-sortLabelRoot-109"
                          role="button"
                          tabindex="0"
                          title="Sort"
                        >
                          <span
                            class="Title-title-125"
                          >
                            Sections
                          </span>
                          <svg
                            aria-hidden="true"
                            class="MuiSvgIcon-root MuiTableSortLabel-icon MuiTableSortLabel-iconDirectionDesc"
                            focusable="false"
                            role="presentation"
                            viewBox="0 0 24 24"
                          >
                            <path
                              d="M20 12l-1.41-1.41L13 16.17V4h-2v12.17l-5.58-5.59L4 12l8 8 8-8z"
                            />
                          </svg>
                        </span>
                      </div>
                    </div>
                  </div>
                  <div
                    class="ResizingControl-resizeHandle-126 TableHeaderCell-resizeHandle-83"
                  >
                    <div
                      class="TableHeaderCell-resizeHandleLine-84 ResizingControl-resizeHandleLine-127 ResizingControl-resizeHandleFirstLine-128"
                    />
                    <div
                      class="TableHeaderCell-resizeHandleLine-84 ResizingControl-resizeHandleLine-127 ResizingControl-resizeHandleSecondLine-129"
                    />
                  </div>
                </th>
                <th
                  class="MuiTableCell-root TableHeaderCell-cell-82 TableHeaderCell-cellNoWrap-92 MuiTableCell-head"
                  colspan="1"
                  scope="col"
                >
                  <div
                    class="TableHeaderCell-container-91"
                  >
                    <div
                      class="Content-content-104"
                    >
                      <div
                        class="SortLabel-root-107"
                      >
                        <span
                          aria-disabled="false"
                          class="MuiButtonBase-root MuiTableSortLabel-root SortLabel-sortLabelRoot-109"
                          role="button"
                          tabindex="0"
                          title="Sort"
                        >
                          <span
                            class="Title-title-125"
                          >
                            Action
                          </span>
                          <svg
                            aria-hidden="true"
                            class="MuiSvgIcon-root MuiTableSortLabel-icon MuiTableSortLabel-iconDirectionDesc"
                            focusable="false"
                            role="presentation"
                            viewBox="0 0 24 24"
                          >
                            <path
                              d="M20 12l-1.41-1.41L13 16.17V4h-2v12.17l-5.58-5.59L4 12l8 8 8-8z"
                            />
                          </svg>
                        </span>
                      </div>
                    </div>
                  </div>
                  <div
                    class="ResizingControl-resizeHandle-126 TableHeaderCell-resizeHandle-83"
                  >
                    <div
                      class="TableHeaderCell-resizeHandleLine-84 ResizingControl-resizeHandleLine-127 ResizingControl-resizeHandleFirstLine-128"
                    />
                    <div
                      class="TableHeaderCell-resizeHandleLine-84 ResizingControl-resizeHandleLine-127 ResizingControl-resizeHandleSecondLine-129"
                    />
                  </div>
                </th>
                <th
                  class="MuiTableCell-root TableStubCell-cell-132 MuiTableCell-head"
                  colspan="1"
                  scope="col"
                />
              </tr>
            </thead>
            <tbody
              class="MuiTableBody-root"
            >
              <tr
                class="MuiTableRow-root"
              >
                <td
                  class="MuiTableCell-root TableNoDataCell-cell-135 MuiTableCell-body"
                  colspan="5"
                >
                  <div
                    class="TableNoDataCell-textContainer-136"
                  >
                    <big
                      class="TableNoDataCell-text-137"
                    >
                      No data
                    </big>
                  </div>
                </td>
              </tr>
            </tbody>
          </table>
        </div>
      </div>
    </div>
  </div>
  <div />
</div>
`;
