// Jest Snapshot v1, https://goo.gl/fbAQLP

exports[`can render ScriptureTable snapshot 1`] = `
<div
  class="makeStyles-container-1"
>
  <div
    class="makeStyles-container-6"
  >
    <div
      class="makeStyles-paper-7"
    >
      <div
        class="makeStyles-actions-8"
      >
        <button
          aria-label="Action"
          aria-owns="action-menu"
          class="MuiButtonBase-root MuiButton-root makeStyles-button-10 MuiButton-outlined MuiButton-outlinedPrimary"
          tabindex="0"
          type="button"
        >
          <span
            class="MuiButton-label"
          >
            Action
            <svg
              aria-hidden="true"
              class="MuiSvgIcon-root makeStyles-icon-11"
              focusable="false"
              role="presentation"
              viewBox="0 0 24 24"
            >
              <path
                d="M7 10l5 5 5-5z"
              />
              <path
                d="M0 0h24v24H0z"
                fill="none"
              />
            </svg>
          </span>
          <span
            class="MuiTouchRipple-root"
          />
        </button>
        <button
          aria-label="Add Section"
          class="MuiButtonBase-root MuiButton-root makeStyles-button-10 MuiButton-outlined MuiButton-outlinedPrimary"
          tabindex="0"
          type="button"
        >
          <span
            class="MuiButton-label"
          >
            Add Section
            <svg
              aria-hidden="true"
              class="MuiSvgIcon-root makeStyles-icon-11"
              focusable="false"
              role="presentation"
              viewBox="0 0 24 24"
            >
              <path
                d="M19 13h-6v6h-2v-6H5v-2h6V5h2v6h6v2z"
              />
              <path
                d="M0 0h24v24H0z"
                fill="none"
              />
            </svg>
          </span>
          <span
            class="MuiTouchRipple-root"
          />
        </button>
        <button
          aria-label="Add Passage"
          class="MuiButtonBase-root MuiButton-root makeStyles-button-10 MuiButton-outlined MuiButton-outlinedPrimary"
          tabindex="0"
          type="button"
        >
          <span
            class="MuiButton-label"
          >
            Add Passage
            <svg
              aria-hidden="true"
              class="MuiSvgIcon-root makeStyles-icon-11"
              focusable="false"
              role="presentation"
              viewBox="0 0 24 24"
            >
              <path
                d="M19 13h-6v6h-2v-6H5v-2h6V5h2v6h6v2z"
              />
              <path
                d="M0 0h24v24H0z"
                fill="none"
              />
            </svg>
          </span>
          <span
            class="MuiTouchRipple-root"
          />
        </button>
        <div
          class="makeStyles-grow-9"
        >
          Â 
        </div>
        <button
          aria-label="Save"
          class="MuiButtonBase-root MuiButton-root makeStyles-button-10 MuiButton-contained MuiButton-containedPrimary"
          tabindex="0"
          type="button"
        >
          <span
            class="MuiButton-label"
          >
            Save
            <svg
              aria-hidden="true"
              class="MuiSvgIcon-root makeStyles-icon-11"
              focusable="false"
              role="presentation"
              viewBox="0 0 24 24"
            >
              <path
                d="M0 0h24v24H0z"
                fill="none"
              />
              <path
                d="M17 3H5c-1.11 0-2 .9-2 2v14c0 1.1.89 2 2 2h14c1.1 0 2-.9 2-2V7l-4-4zm-5 16c-1.66 0-3-1.34-3-3s1.34-3 3-3 3 1.34 3 3-1.34 3-3 3zm3-10H5V5h10v4z"
              />
            </svg>
          </span>
          <span
            class="MuiTouchRipple-root"
          />
        </button>
      </div>
      <span
        class="data-grid-container"
        tabindex="0"
      >
        <table
          class="data-grid"
        >
          <tbody>
            <tr>
              <td
                class="cell read-only"
              >
                <span
                  class="value-viewer"
                />
              </td>
              <td
                class="cell read-only"
                style="width: 80px;"
              >
                <span
                  class="value-viewer"
                >
                  Section
                </span>
              </td>
              <td
                class="cell read-only"
                style="width: 280px;"
              >
                <span
                  class="value-viewer"
                >
                  Title
                </span>
              </td>
              <td
                class="cell read-only"
                style="width: 80px;"
              >
                <span
                  class="value-viewer"
                >
                  Passage
                </span>
              </td>
              <td
                class="cell read-only"
                style="width: 170px;"
              >
                <span
                  class="value-viewer"
                >
                  Book
                </span>
              </td>
              <td
                class="cell read-only"
                style="width: 180px;"
              >
                <span
                  class="value-viewer"
                >
                  Reference
                </span>
              </td>
              <td
                class="cell read-only"
                style="width: 280px;"
              >
                <span
                  class="value-viewer"
                >
                  Description
                </span>
              </td>
            </tr>
          </tbody>
        </table>
      </span>
    </div>
    <div />
  </div>
</div>
`;
